@@@@@@@@@@@@@@@@@@@@@@@@@@@@@@@@@@@@@@@@@@@@@@@@@@
o@o@o@o@o@o@o@o@o@o@o@o@o@o@o@o@o@o@o@o@o@o@o@o@o@
o@o@o@o@o@o@o@o@o@o@o@o@o@o@o@o@o@o@o@o@o@o@o@o@o@
o@o@o@o@o@o@o@o@o@o@o@o@o@o@o@o@o@o@o@o@o@o@o@o@o@
..................................................
.rr.r.rr.rrr.r.rr.r.r.rrr.r.r.rr.rr.r.rr.r.rr.r.rr
.......................rr.r.r.rr.rr.r.rr.r.rr.r.rr
e@e@e@e@e@e@e@e@e@e@e@e@e@e@e@e@e@e@e@e@e@e@e@e@e@
e@e@e@e@e@e@e@e@e@e@e@e@e@e@e@e@e@e@e@e@e@e@e@e@e@
e@e@e@e@e@e@e@e@e@e@e@e@e@e@e@e@e@e@e@e@e@e@e@e@e@
e@e@e@e@e@e@e@e@e@e@e@e@e@e@e@e@e@e@e@e@e@e@e@e@e@
e@e@e@e@e@e@e@e@e@e@e@e@e@e@e@e@e@e@e@e@e@e@e@e@e@
e@e@e@e@e@e@e@e@e@e@e@e@e@e@e@e@e@e@e@e@e@e@e@e@e@
e@e@e@e@e@e@e@e@e@e@e@e@e@e@e@e@e@e@e@e@e@e@e@e@e@
e@e@e@e@e@e@e@e@e@e@e@e@e@e@e@e@e@e@e@e@e@e@e@e@e@
e@e@e@e@e@e@e@e@e@e@e@e@e@e@e@e@e@e@e@e@e@e@e@e@e@
e@e@e@e@e@e@e@e@e@e@e@e@e@e@e@e@e@e@e@e@e@e@e@e@e@
e@e@e@e@e@e@e@e@e@e@e@e@e@e@e@e@e@e@e@e@e@e@e@e@e@
e@e@e@e@e@e@e@e@e@e@e@e@e@e@e@e@e@e@e@e@e@e@e@e@e@
e@e@e@e@e@e@e@e@e@e@e@e@e@e@e@e@e@e@e@e@e@e@e@e@e@
e@e@e@e@e@e@e@e@e@e@e@e@e@e@e@e@e@e@e@e@e@e@e@e@e@
.rr.r.rr.rrr.r.rr.r.r.r...........................
..................................................
.rr.r.rr.rrr.r.rr.r.r.rrr.r.r.rr.rr.r.rr.r.rr.r.rr
i@i@i@i@i@i@i@i@i@i@i@i@i@i@i@i@i@i@i@i@i@i@i@i@i@
i@i@i@i@i@i@i@i@i@i@i@i@i@i@i@i@i@i@i@i@i@i@i@i@i@
i@i@i@i@i@i@i@i@i@i@i@i@i@i@i@i@i@i@i@i@i@i@i@i@i@