bbbbbbbbbbbbbbbbbbbbbbbbbbbbbbbbbbbbbbbbbbbbbbbbbbbbbbbb
be@e@e@e@e@e@e@e@e@e@e@e@e@e@e@e@e@e@e@e@e@e@e@e@e@e@e@b
be@e@e@e@e@e@e@e@e@e@e@e@e@e@e@e@e@e@e@e@e@e@e@e@e@e@e@b
be@e@e@e@e@e@e@e@e@e@e@e@e@e@e@e@e@e@e@e@e@e@e@e@e@e@e@b
be@e@e@e@e@e@e@e@e@e@e@e@e@e@e@e@e@e@e@e@e@e@e@e@e@e@e@b
be@e@e@e@e@e@e@e@e@e@e@e@e@e@e@e@e@e@e@e@e@e@e@e@e@e@e@b
be@e@e@e@e@e@e@e@e@e@e@e@e@e@e@e@e@e@e@e@e@e@e@e@e@e@e@b
be@e@e@e@e@e@e@e@e@e@e@e@e@e@e@e@e@e@e@e@e@e@e@e@e@e@e@b
be@e@e@e@e@e@e@e@e@e@e@e@e@e@e@e@e@e@e@e@e@e@e@e@e@e@e@b
be@e@e@e@e@e@e@e@e@e@e@e@e@e@e@e@e@e@e@e@e@e@e@e@e@e@e@b
be@e@e@e@e@e@e@e@e@e@e@e@e@e@e@e@e@e@e@e@e@e@e@e@e@e@e@b
be@e@e@e@e@e@e@e@e@e@e@e@e@e@e@e@e@e@e@e@e@e@e@e@e@e@e@b
be@e@e@e@e@e@e@e@e@e@e@e@e@e@e@e@e@e@e@e@e@e@e@e@e@e@e@b
be@e@e@e@e@e@e@e@e@e@e@e@e@e@e@e@e@e@e@e@e@e@e@e@e@e@e@b
be@e@e@e@e@e@e@e@e@e@e@e@e@e@e@e@e@e@e@e@e@e@e@e@e@e@e@b
be@e@e@e@e@e@e@e@e@e@e@e@e@e@e@e@e@e@e@e@e@e@e@e@e@e@e@b
be@e@e@e@e@e@e@e@e@e@e@e@e@e@e@e@e@e@e@e@e@e@e@e@e@e@e@b
be@e@e@e@e@e@e@e@e@e@e@e@e@e@e@e@e@e@e@e@e@e@e@e@e@e@e@b
be@e@e@e@e@e@e@e@e@e@e@e@e@e@e@e@e@e@e@e@e@e@e@e@e@e@e@b
be@e@e@e@e@e@e@e@e@e@e@e@e@e@e@e@e@e@e@e@e@e@e@e@e@e@e@b
be@e@e@e@e@e@e@e@e@e@e@e@e@e@e@e@e@e@e@e@e@e@e@e@e@e@e@b
be@e@e@e@e@e@e@e@e@e@e@e@e@e@e@e@e@e@e@e@e@e@e@e@e@e@e@b
be@e@e@e@e@e@e@e@e@e@e@e@e@e@e@e@e@e@e@e@e@e@e@e@e@e@e@b
b......................................................b
b.rr.r.rr.rrr.r.rr.r.r.rrr.r.r.rr.rr.r.rr.r.rr.r.rr....b
b.rr.r.rr.rrr.r.rr.r.r.rrr.r.r.rr.rr.r.rr.r.rr.r.rr....b
b......................................................b
b.rr.r.rr.rrr.r.rr.r.r.rrr.r.r.rr.rr.r.rr.r.rr.r.rr....b
b......................................................b
bi@o@i@o@i@o@i@o@i@o@i@o@i@o@i@o@i@o@i@o@i@o@i@o@i@o@i@b
bo@i@o@i@o@i@o@i@o@i@o@i@o@i@o@i@o@i@o@i@o@i@o@i@o@i@o@b
bi@o@i@o@i@o@i@o@i@o@i@o@i@o@i@o@i@o@i@o@i@o@i@o@i@o@i@b
bo@i@o@i@o@i@o@i@o@i@o@i@o@i@o@i@o@i@o@i@o@i@o@i@o@i@o@b
bi@o@i@o@i@o@i@o@i@o@i@o@i@o@i@o@i@o@i@o@i@o@i@o@i@o@i@b
bo@i@o@i@o@i@o@i@o@i@o@i@o@i@o@i@o@i@o@i@o@i@o@i@o@i@o@b
bbbbbbbbbbbbbbbbbbbbbbbbbbbbbbbbbbbbbbbbbbbbbbbbbbbbbbbb